// Jest Snapshot v1, https://goo.gl/fbAQLP

exports[`Underlyng markup should not change as we change our logic in code base unless we chage the markup ourselves 1`] = `
<svg
  height="400"
  width="500"
>
  <g
    fill="none"
    font-family="sans-serif"
    font-size="10"
    text-anchor="middle"
    transform="translate(0, 50)"
  >
    <g
      class="tick"
      opacity="1"
      transform="translate(50.5,0)"
    >
      <line
        opacity="0.7"
        stroke="white"
        y2="300"
      />
    </g>
    <g
      class="tick"
      opacity="1"
      transform="translate(130.5,0)"
    >
      <line
        opacity="0.7"
        stroke="white"
        y2="300"
      />
    </g>
    <g
      class="tick"
      opacity="1"
      transform="translate(210.5,0)"
    >
      <line
        opacity="0.7"
        stroke="white"
        y2="300"
      />
    </g>
    <g
      class="tick"
      opacity="1"
      transform="translate(290.5,0)"
    >
      <line
        opacity="0.7"
        stroke="white"
        y2="300"
      />
    </g>
    <g
      class="tick"
      opacity="1"
      transform="translate(370.5,0)"
    >
      <line
        opacity="0.7"
        stroke="white"
        y2="300"
      />
    </g>
    <g
      class="tick"
      opacity="1"
      transform="translate(450.5,0)"
    >
      <line
        opacity="0.7"
        stroke="white"
        y2="300"
      />
    </g>
  </g>
</svg>
`;
