// Jest Snapshot v1, https://goo.gl/fbAQLP

exports[`Underlyng markup should not change as we change our logic in code base unless we chage the markup ourselves 1`] = `
<svg
  height="400"
  width="500"
>
  <g
    fill="none"
    font-family="sans-serif"
    font-size="10"
    text-anchor="start"
    transform="translate(50, 0)"
  >
    <g
      class="tick"
      opacity="1"
      transform="translate(0,350.5)"
    >
      <line
        opacity="0.7"
        stroke="white"
        x2="400"
      />
    </g>
    <g
      class="tick"
      opacity="1"
      transform="translate(0,290.5)"
    >
      <line
        opacity="0.7"
        stroke="white"
        x2="400"
      />
    </g>
    <g
      class="tick"
      opacity="1"
      transform="translate(0,230.5)"
    >
      <line
        opacity="0.7"
        stroke="white"
        x2="400"
      />
    </g>
    <g
      class="tick"
      opacity="1"
      transform="translate(0,170.5)"
    >
      <line
        opacity="0.7"
        stroke="white"
        x2="400"
      />
    </g>
    <g
      class="tick"
      opacity="1"
      transform="translate(0,110.5)"
    >
      <line
        opacity="0.7"
        stroke="white"
        x2="400"
      />
    </g>
    <g
      class="tick"
      opacity="1"
      transform="translate(0,50.5)"
    >
      <line
        opacity="0.7"
        stroke="white"
        x2="400"
      />
    </g>
  </g>
</svg>
`;
