// Jest Snapshot v1, https://goo.gl/fbAQLP

exports[`The underlying markup should not change as we change our logic in the code base unless we change the markup ourselves 1`] = `
<div>
  <svg
    height="400"
    width="500"
  >
    <rect
      fill="#f1f1f1"
      height="300"
      transform="translate(50, 50)"
      width="400"
    />
    <g
      fill="none"
      font-family="sans-serif"
      font-size="10"
      text-anchor="middle"
      transform="translate(0, 50)"
    >
      <g
        class="tick"
        opacity="1"
        transform="translate(50.5,0)"
      >
        <line
          opacity="0.7"
          stroke="white"
          y2="300"
        />
      </g>
      <g
        class="tick"
        opacity="1"
        transform="translate(130.5,0)"
      >
        <line
          opacity="0.7"
          stroke="white"
          y2="300"
        />
      </g>
      <g
        class="tick"
        opacity="1"
        transform="translate(210.5,0)"
      >
        <line
          opacity="0.7"
          stroke="white"
          y2="300"
        />
      </g>
      <g
        class="tick"
        opacity="1"
        transform="translate(290.5,0)"
      >
        <line
          opacity="0.7"
          stroke="white"
          y2="300"
        />
      </g>
      <g
        class="tick"
        opacity="1"
        transform="translate(370.5,0)"
      >
        <line
          opacity="0.7"
          stroke="white"
          y2="300"
        />
      </g>
      <g
        class="tick"
        opacity="1"
        transform="translate(450.5,0)"
      >
        <line
          opacity="0.7"
          stroke="white"
          y2="300"
        />
      </g>
    </g>
    <g
      fill="none"
      font-family="sans-serif"
      font-size="10"
      text-anchor="start"
      transform="translate(50, 0)"
    >
      <g
        class="tick"
        opacity="1"
        transform="translate(0,350.5)"
      >
        <line
          opacity="0.7"
          stroke="white"
          x2="400"
        />
      </g>
      <g
        class="tick"
        opacity="1"
        transform="translate(0,290.5)"
      >
        <line
          opacity="0.7"
          stroke="white"
          x2="400"
        />
      </g>
      <g
        class="tick"
        opacity="1"
        transform="translate(0,230.5)"
      >
        <line
          opacity="0.7"
          stroke="white"
          x2="400"
        />
      </g>
      <g
        class="tick"
        opacity="1"
        transform="translate(0,170.5)"
      >
        <line
          opacity="0.7"
          stroke="white"
          x2="400"
        />
      </g>
      <g
        class="tick"
        opacity="1"
        transform="translate(0,110.5)"
      >
        <line
          opacity="0.7"
          stroke="white"
          x2="400"
        />
      </g>
      <g
        class="tick"
        opacity="1"
        transform="translate(0,50.5)"
      >
        <line
          opacity="0.7"
          stroke="white"
          x2="400"
        />
      </g>
    </g>
    <g
      fill="none"
      font-family="sans-serif"
      font-size="10"
      text-anchor="middle"
      transform="translate(0, 350)"
    >
      <g
        class="tick"
        opacity="1"
        transform="translate(50.5,0)"
      >
        <line
          stroke="currentColor"
          y2="6"
        />
        <text
          dy="0.71em"
          fill="currentColor"
          y="9"
        >
          0
        </text>
      </g>
      <g
        class="tick"
        opacity="1"
        transform="translate(90.5,0)"
      >
        <line
          stroke="currentColor"
          y2="6"
        />
        <text
          dy="0.71em"
          fill="currentColor"
          y="9"
        >
          1
        </text>
      </g>
      <g
        class="tick"
        opacity="1"
        transform="translate(130.5,0)"
      >
        <line
          stroke="currentColor"
          y2="6"
        />
        <text
          dy="0.71em"
          fill="currentColor"
          y="9"
        >
          2
        </text>
      </g>
      <g
        class="tick"
        opacity="1"
        transform="translate(170.5,0)"
      >
        <line
          stroke="currentColor"
          y2="6"
        />
        <text
          dy="0.71em"
          fill="currentColor"
          y="9"
        >
          3
        </text>
      </g>
      <g
        class="tick"
        opacity="1"
        transform="translate(210.5,0)"
      >
        <line
          stroke="currentColor"
          y2="6"
        />
        <text
          dy="0.71em"
          fill="currentColor"
          y="9"
        >
          4
        </text>
      </g>
      <g
        class="tick"
        opacity="1"
        transform="translate(250.5,0)"
      >
        <line
          stroke="currentColor"
          y2="6"
        />
        <text
          dy="0.71em"
          fill="currentColor"
          y="9"
        >
          5
        </text>
      </g>
      <g
        class="tick"
        opacity="1"
        transform="translate(290.5,0)"
      >
        <line
          stroke="currentColor"
          y2="6"
        />
        <text
          dy="0.71em"
          fill="currentColor"
          y="9"
        >
          6
        </text>
      </g>
      <g
        class="tick"
        opacity="1"
        transform="translate(330.5,0)"
      >
        <line
          stroke="currentColor"
          y2="6"
        />
        <text
          dy="0.71em"
          fill="currentColor"
          y="9"
        >
          7
        </text>
      </g>
      <g
        class="tick"
        opacity="1"
        transform="translate(370.5,0)"
      >
        <line
          stroke="currentColor"
          y2="6"
        />
        <text
          dy="0.71em"
          fill="currentColor"
          y="9"
        >
          8
        </text>
      </g>
      <g
        class="tick"
        opacity="1"
        transform="translate(410.5,0)"
      >
        <line
          stroke="currentColor"
          y2="6"
        />
        <text
          dy="0.71em"
          fill="currentColor"
          y="9"
        >
          9
        </text>
      </g>
      <g
        class="tick"
        opacity="1"
        transform="translate(450.5,0)"
      >
        <line
          stroke="currentColor"
          y2="6"
        />
        <text
          dy="0.71em"
          fill="currentColor"
          y="9"
        >
          10
        </text>
      </g>
    </g>
    <g
      fill="none"
      font-family="sans-serif"
      font-size="10"
      text-anchor="end"
      transform="translate(50, 0)"
    >
      <g
        class="tick"
        opacity="1"
        transform="translate(0,350.5)"
      >
        <line
          stroke="currentColor"
          x2="-6"
        />
        <text
          dy="0.32em"
          fill="currentColor"
          x="-9"
        >
          0
        </text>
      </g>
      <g
        class="tick"
        opacity="1"
        transform="translate(0,320.5)"
      >
        <line
          stroke="currentColor"
          x2="-6"
        />
        <text
          dy="0.32em"
          fill="currentColor"
          x="-9"
        >
          1
        </text>
      </g>
      <g
        class="tick"
        opacity="1"
        transform="translate(0,290.5)"
      >
        <line
          stroke="currentColor"
          x2="-6"
        />
        <text
          dy="0.32em"
          fill="currentColor"
          x="-9"
        >
          2
        </text>
      </g>
      <g
        class="tick"
        opacity="1"
        transform="translate(0,260.5)"
      >
        <line
          stroke="currentColor"
          x2="-6"
        />
        <text
          dy="0.32em"
          fill="currentColor"
          x="-9"
        >
          3
        </text>
      </g>
      <g
        class="tick"
        opacity="1"
        transform="translate(0,230.5)"
      >
        <line
          stroke="currentColor"
          x2="-6"
        />
        <text
          dy="0.32em"
          fill="currentColor"
          x="-9"
        >
          4
        </text>
      </g>
      <g
        class="tick"
        opacity="1"
        transform="translate(0,200.5)"
      >
        <line
          stroke="currentColor"
          x2="-6"
        />
        <text
          dy="0.32em"
          fill="currentColor"
          x="-9"
        >
          5
        </text>
      </g>
      <g
        class="tick"
        opacity="1"
        transform="translate(0,170.5)"
      >
        <line
          stroke="currentColor"
          x2="-6"
        />
        <text
          dy="0.32em"
          fill="currentColor"
          x="-9"
        >
          6
        </text>
      </g>
      <g
        class="tick"
        opacity="1"
        transform="translate(0,140.5)"
      >
        <line
          stroke="currentColor"
          x2="-6"
        />
        <text
          dy="0.32em"
          fill="currentColor"
          x="-9"
        >
          7
        </text>
      </g>
      <g
        class="tick"
        opacity="1"
        transform="translate(0,110.5)"
      >
        <line
          stroke="currentColor"
          x2="-6"
        />
        <text
          dy="0.32em"
          fill="currentColor"
          x="-9"
        >
          8
        </text>
      </g>
      <g
        class="tick"
        opacity="1"
        transform="translate(0,80.5)"
      >
        <line
          stroke="currentColor"
          x2="-6"
        />
        <text
          dy="0.32em"
          fill="currentColor"
          x="-9"
        >
          9
        </text>
      </g>
      <g
        class="tick"
        opacity="1"
        transform="translate(0,50.5)"
      >
        <line
          stroke="currentColor"
          x2="-6"
        />
        <text
          dy="0.32em"
          fill="currentColor"
          x="-9"
        >
          10
        </text>
      </g>
    </g>
    <g>
      <circle
        cx="50"
        cy="350"
        fill="orange"
        r="3"
      />
      <circle
        cx="450"
        cy="50"
        fill="orange"
        r="3"
      />
    </g>
  </svg>
  <svg
    height="400"
    width="500"
  >
    <rect
      fill="#f1f1f1"
      height="300"
      transform="translate(50, 50)"
      width="400"
    />
    <g
      fill="none"
      font-family="sans-serif"
      font-size="10"
      text-anchor="middle"
      transform="translate(0, 50)"
    >
      <g
        class="tick"
        opacity="1"
        transform="translate(50.5,0)"
      >
        <line
          opacity="0.7"
          stroke="white"
          y2="300"
        />
      </g>
      <g
        class="tick"
        opacity="1"
        transform="translate(121.92857142857143,0)"
      >
        <line
          opacity="0.7"
          stroke="white"
          y2="300"
        />
      </g>
      <g
        class="tick"
        opacity="1"
        transform="translate(193.35714285714286,0)"
      >
        <line
          opacity="0.7"
          stroke="white"
          y2="300"
        />
      </g>
      <g
        class="tick"
        opacity="1"
        transform="translate(264.7857142857143,0)"
      >
        <line
          opacity="0.7"
          stroke="white"
          y2="300"
        />
      </g>
      <g
        class="tick"
        opacity="1"
        transform="translate(336.2142857142857,0)"
      >
        <line
          opacity="0.7"
          stroke="white"
          y2="300"
        />
      </g>
      <g
        class="tick"
        opacity="1"
        transform="translate(407.64285714285717,0)"
      >
        <line
          opacity="0.7"
          stroke="white"
          y2="300"
        />
      </g>
    </g>
    <g
      fill="none"
      font-family="sans-serif"
      font-size="10"
      text-anchor="start"
      transform="translate(50, 0)"
    >
      <g
        class="tick"
        opacity="1"
        transform="translate(0,350.5)"
      >
        <line
          opacity="0.7"
          stroke="white"
          x2="400"
        />
      </g>
      <g
        class="tick"
        opacity="1"
        transform="translate(0,256.75)"
      >
        <line
          opacity="0.7"
          stroke="white"
          x2="400"
        />
      </g>
      <g
        class="tick"
        opacity="1"
        transform="translate(0,163)"
      >
        <line
          opacity="0.7"
          stroke="white"
          x2="400"
        />
      </g>
      <g
        class="tick"
        opacity="1"
        transform="translate(0,69.25)"
      >
        <line
          opacity="0.7"
          stroke="white"
          x2="400"
        />
      </g>
    </g>
    <g
      fill="none"
      font-family="sans-serif"
      font-size="10"
      text-anchor="middle"
      transform="translate(0, 350)"
    >
      <g
        class="tick"
        opacity="1"
        transform="translate(50.5,0)"
      >
        <line
          stroke="currentColor"
          y2="6"
        />
        <text
          dy="0.71em"
          fill="currentColor"
          y="9"
        >
          0
        </text>
      </g>
      <g
        class="tick"
        opacity="1"
        transform="translate(79.07142857142857,0)"
      >
        <line
          stroke="currentColor"
          y2="6"
        />
        <text
          dy="0.71em"
          fill="currentColor"
          y="9"
        >
          2
        </text>
      </g>
      <g
        class="tick"
        opacity="1"
        transform="translate(107.64285714285714,0)"
      >
        <line
          stroke="currentColor"
          y2="6"
        />
        <text
          dy="0.71em"
          fill="currentColor"
          y="9"
        >
          4
        </text>
      </g>
      <g
        class="tick"
        opacity="1"
        transform="translate(136.21428571428572,0)"
      >
        <line
          stroke="currentColor"
          y2="6"
        />
        <text
          dy="0.71em"
          fill="currentColor"
          y="9"
        >
          6
        </text>
      </g>
      <g
        class="tick"
        opacity="1"
        transform="translate(164.78571428571428,0)"
      >
        <line
          stroke="currentColor"
          y2="6"
        />
        <text
          dy="0.71em"
          fill="currentColor"
          y="9"
        >
          8
        </text>
      </g>
      <g
        class="tick"
        opacity="1"
        transform="translate(193.35714285714286,0)"
      >
        <line
          stroke="currentColor"
          y2="6"
        />
        <text
          dy="0.71em"
          fill="currentColor"
          y="9"
        >
          10
        </text>
      </g>
      <g
        class="tick"
        opacity="1"
        transform="translate(221.92857142857142,0)"
      >
        <line
          stroke="currentColor"
          y2="6"
        />
        <text
          dy="0.71em"
          fill="currentColor"
          y="9"
        >
          12
        </text>
      </g>
      <g
        class="tick"
        opacity="1"
        transform="translate(250.5,0)"
      >
        <line
          stroke="currentColor"
          y2="6"
        />
        <text
          dy="0.71em"
          fill="currentColor"
          y="9"
        >
          14
        </text>
      </g>
      <g
        class="tick"
        opacity="1"
        transform="translate(279.07142857142856,0)"
      >
        <line
          stroke="currentColor"
          y2="6"
        />
        <text
          dy="0.71em"
          fill="currentColor"
          y="9"
        >
          16
        </text>
      </g>
      <g
        class="tick"
        opacity="1"
        transform="translate(307.64285714285717,0)"
      >
        <line
          stroke="currentColor"
          y2="6"
        />
        <text
          dy="0.71em"
          fill="currentColor"
          y="9"
        >
          18
        </text>
      </g>
      <g
        class="tick"
        opacity="1"
        transform="translate(336.2142857142857,0)"
      >
        <line
          stroke="currentColor"
          y2="6"
        />
        <text
          dy="0.71em"
          fill="currentColor"
          y="9"
        >
          20
        </text>
      </g>
      <g
        class="tick"
        opacity="1"
        transform="translate(364.7857142857143,0)"
      >
        <line
          stroke="currentColor"
          y2="6"
        />
        <text
          dy="0.71em"
          fill="currentColor"
          y="9"
        >
          22
        </text>
      </g>
      <g
        class="tick"
        opacity="1"
        transform="translate(393.35714285714283,0)"
      >
        <line
          stroke="currentColor"
          y2="6"
        />
        <text
          dy="0.71em"
          fill="currentColor"
          y="9"
        >
          24
        </text>
      </g>
      <g
        class="tick"
        opacity="1"
        transform="translate(421.92857142857144,0)"
      >
        <line
          stroke="currentColor"
          y2="6"
        />
        <text
          dy="0.71em"
          fill="currentColor"
          y="9"
        >
          26
        </text>
      </g>
      <g
        class="tick"
        opacity="1"
        transform="translate(450.5,0)"
      >
        <line
          stroke="currentColor"
          y2="6"
        />
        <text
          dy="0.71em"
          fill="currentColor"
          y="9"
        >
          28
        </text>
      </g>
    </g>
    <g
      fill="none"
      font-family="sans-serif"
      font-size="10"
      text-anchor="end"
      transform="translate(50, 0)"
    >
      <g
        class="tick"
        opacity="1"
        transform="translate(0,350.5)"
      >
        <line
          stroke="currentColor"
          x2="-6"
        />
        <text
          dy="0.32em"
          fill="currentColor"
          x="-9"
        >
          0
        </text>
      </g>
      <g
        class="tick"
        opacity="1"
        transform="translate(0,313)"
      >
        <line
          stroke="currentColor"
          x2="-6"
        />
        <text
          dy="0.32em"
          fill="currentColor"
          x="-9"
        >
          2
        </text>
      </g>
      <g
        class="tick"
        opacity="1"
        transform="translate(0,275.5)"
      >
        <line
          stroke="currentColor"
          x2="-6"
        />
        <text
          dy="0.32em"
          fill="currentColor"
          x="-9"
        >
          4
        </text>
      </g>
      <g
        class="tick"
        opacity="1"
        transform="translate(0,238)"
      >
        <line
          stroke="currentColor"
          x2="-6"
        />
        <text
          dy="0.32em"
          fill="currentColor"
          x="-9"
        >
          6
        </text>
      </g>
      <g
        class="tick"
        opacity="1"
        transform="translate(0,200.5)"
      >
        <line
          stroke="currentColor"
          x2="-6"
        />
        <text
          dy="0.32em"
          fill="currentColor"
          x="-9"
        >
          8
        </text>
      </g>
      <g
        class="tick"
        opacity="1"
        transform="translate(0,163)"
      >
        <line
          stroke="currentColor"
          x2="-6"
        />
        <text
          dy="0.32em"
          fill="currentColor"
          x="-9"
        >
          10
        </text>
      </g>
      <g
        class="tick"
        opacity="1"
        transform="translate(0,125.5)"
      >
        <line
          stroke="currentColor"
          x2="-6"
        />
        <text
          dy="0.32em"
          fill="currentColor"
          x="-9"
        >
          12
        </text>
      </g>
      <g
        class="tick"
        opacity="1"
        transform="translate(0,88)"
      >
        <line
          stroke="currentColor"
          x2="-6"
        />
        <text
          dy="0.32em"
          fill="currentColor"
          x="-9"
        >
          14
        </text>
      </g>
      <g
        class="tick"
        opacity="1"
        transform="translate(0,50.5)"
      >
        <line
          stroke="currentColor"
          x2="-6"
        />
        <text
          dy="0.32em"
          fill="currentColor"
          x="-9"
        >
          16
        </text>
      </g>
    </g>
    <g>
      <circle
        cx="50"
        cy="350"
        fill="orange"
        r="3"
      />
      <circle
        cx="450"
        cy="68.75"
        fill="orange"
        r="3"
      />
    </g>
  </svg>
</div>
`;
