// Jest Snapshot v1, https://goo.gl/fbAQLP

exports[`Line should render a <g> element wrapping a <path> element 1`] = `
<svg
  height="300"
  width="500"
>
  <g>
    <path
      d="M50,250L450,50"
      fill="none"
      stroke="crimson"
      stroke-width="1"
    />
  </g>
</svg>
`;
