// Jest Snapshot v1, https://goo.gl/fbAQLP

exports[`Should render an <svg> element with only an XAxis 1`] = `
<svg
  height="300"
  width="500"
>
  <g
    fill="none"
    font-family="sans-serif"
    font-size="10"
    text-anchor="middle"
    transform="translate(0, 250)"
  >
    <path
      class="domain"
      d="M50.5,6V0.5H450.5V6"
      stroke="currentColor"
    />
    <g
      class="tick"
      opacity="1"
      transform="translate(170,0)"
    >
      <line
        stroke="currentColor"
        y2="6"
      />
      <text
        dy="0.71em"
        fill="currentColor"
        y="9"
      >
        0
      </text>
    </g>
    <g
      class="tick"
      opacity="1"
      transform="translate(330,0)"
    >
      <line
        stroke="currentColor"
        y2="6"
      />
      <text
        dy="0.71em"
        fill="currentColor"
        y="9"
      >
        10
      </text>
    </g>
  </g>
</svg>
`;
