// Jest Snapshot v1, https://goo.gl/fbAQLP

exports[`<Background/> renders rect element 1`] = `
<svg
  height="300"
  width="500"
>
  <rect
    fill="#f1f1f1"
    height="200"
    transform="translate(50, 50)"
    width="400"
  />
</svg>
`;
