// Jest Snapshot v1, https://goo.gl/fbAQLP

exports[`<Points/> renders a <g> and <point> 1`] = `
<svg
  height="300"
  width="500"
>
  <g>
    <circle
      cx="50"
      cy="250"
      fill="orange"
      r="3"
    />
    <circle
      cx="450"
      cy="50"
      fill="orange"
      r="3"
    />
  </g>
</svg>
`;
