// Jest Snapshot v1, https://goo.gl/fbAQLP

exports[`GEOMS accepting valid components 1`] = `
<svg
  height="300"
  width="500"
>
  <g
    fill="none"
    font-family="sans-serif"
    font-size="10"
    text-anchor="middle"
    transform="translate(0, 250)"
  >
    <path
      class="domain"
      d="M50.5,6V0.5H450.5V6"
      stroke="currentColor"
    />
    <g
      class="tick"
      opacity="1"
      transform="translate(50.5,0)"
    >
      <line
        stroke="currentColor"
        y2="6"
      />
      <text
        dy="0.71em"
        fill="currentColor"
        y="9"
      >
        0
      </text>
    </g>
    <g
      class="tick"
      opacity="1"
      transform="translate(90.5,0)"
    >
      <line
        stroke="currentColor"
        y2="6"
      />
      <text
        dy="0.71em"
        fill="currentColor"
        y="9"
      >
        1
      </text>
    </g>
    <g
      class="tick"
      opacity="1"
      transform="translate(130.5,0)"
    >
      <line
        stroke="currentColor"
        y2="6"
      />
      <text
        dy="0.71em"
        fill="currentColor"
        y="9"
      >
        2
      </text>
    </g>
    <g
      class="tick"
      opacity="1"
      transform="translate(170.5,0)"
    >
      <line
        stroke="currentColor"
        y2="6"
      />
      <text
        dy="0.71em"
        fill="currentColor"
        y="9"
      >
        3
      </text>
    </g>
    <g
      class="tick"
      opacity="1"
      transform="translate(210.5,0)"
    >
      <line
        stroke="currentColor"
        y2="6"
      />
      <text
        dy="0.71em"
        fill="currentColor"
        y="9"
      >
        4
      </text>
    </g>
    <g
      class="tick"
      opacity="1"
      transform="translate(250.5,0)"
    >
      <line
        stroke="currentColor"
        y2="6"
      />
      <text
        dy="0.71em"
        fill="currentColor"
        y="9"
      >
        5
      </text>
    </g>
    <g
      class="tick"
      opacity="1"
      transform="translate(290.5,0)"
    >
      <line
        stroke="currentColor"
        y2="6"
      />
      <text
        dy="0.71em"
        fill="currentColor"
        y="9"
      >
        6
      </text>
    </g>
    <g
      class="tick"
      opacity="1"
      transform="translate(330.5,0)"
    >
      <line
        stroke="currentColor"
        y2="6"
      />
      <text
        dy="0.71em"
        fill="currentColor"
        y="9"
      >
        7
      </text>
    </g>
    <g
      class="tick"
      opacity="1"
      transform="translate(370.5,0)"
    >
      <line
        stroke="currentColor"
        y2="6"
      />
      <text
        dy="0.71em"
        fill="currentColor"
        y="9"
      >
        8
      </text>
    </g>
    <g
      class="tick"
      opacity="1"
      transform="translate(410.5,0)"
    >
      <line
        stroke="currentColor"
        y2="6"
      />
      <text
        dy="0.71em"
        fill="currentColor"
        y="9"
      >
        9
      </text>
    </g>
    <g
      class="tick"
      opacity="1"
      transform="translate(450.5,0)"
    >
      <line
        stroke="currentColor"
        y2="6"
      />
      <text
        dy="0.71em"
        fill="currentColor"
        y="9"
      >
        10
      </text>
    </g>
  </g>
  <g
    fill="none"
    font-family="sans-serif"
    font-size="10"
    text-anchor="end"
    transform="translate(50, 0)"
  >
    <path
      class="domain"
      d="M-6,250.5H0.5V50.5H-6"
      stroke="currentColor"
    />
    <g
      class="tick"
      opacity="1"
      transform="translate(0,250.5)"
    >
      <line
        stroke="currentColor"
        x2="-6"
      />
      <text
        dy="0.32em"
        fill="currentColor"
        x="-9"
      >
        5.0
      </text>
    </g>
    <g
      class="tick"
      opacity="1"
      transform="translate(0,230.5)"
    >
      <line
        stroke="currentColor"
        x2="-6"
      />
      <text
        dy="0.32em"
        fill="currentColor"
        x="-9"
      >
        5.5
      </text>
    </g>
    <g
      class="tick"
      opacity="1"
      transform="translate(0,210.5)"
    >
      <line
        stroke="currentColor"
        x2="-6"
      />
      <text
        dy="0.32em"
        fill="currentColor"
        x="-9"
      >
        6.0
      </text>
    </g>
    <g
      class="tick"
      opacity="1"
      transform="translate(0,190.5)"
    >
      <line
        stroke="currentColor"
        x2="-6"
      />
      <text
        dy="0.32em"
        fill="currentColor"
        x="-9"
      >
        6.5
      </text>
    </g>
    <g
      class="tick"
      opacity="1"
      transform="translate(0,170.5)"
    >
      <line
        stroke="currentColor"
        x2="-6"
      />
      <text
        dy="0.32em"
        fill="currentColor"
        x="-9"
      >
        7.0
      </text>
    </g>
    <g
      class="tick"
      opacity="1"
      transform="translate(0,150.5)"
    >
      <line
        stroke="currentColor"
        x2="-6"
      />
      <text
        dy="0.32em"
        fill="currentColor"
        x="-9"
      >
        7.5
      </text>
    </g>
    <g
      class="tick"
      opacity="1"
      transform="translate(0,130.5)"
    >
      <line
        stroke="currentColor"
        x2="-6"
      />
      <text
        dy="0.32em"
        fill="currentColor"
        x="-9"
      >
        8.0
      </text>
    </g>
    <g
      class="tick"
      opacity="1"
      transform="translate(0,110.5)"
    >
      <line
        stroke="currentColor"
        x2="-6"
      />
      <text
        dy="0.32em"
        fill="currentColor"
        x="-9"
      >
        8.5
      </text>
    </g>
    <g
      class="tick"
      opacity="1"
      transform="translate(0,90.5)"
    >
      <line
        stroke="currentColor"
        x2="-6"
      />
      <text
        dy="0.32em"
        fill="currentColor"
        x="-9"
      >
        9.0
      </text>
    </g>
    <g
      class="tick"
      opacity="1"
      transform="translate(0,70.5)"
    >
      <line
        stroke="currentColor"
        x2="-6"
      />
      <text
        dy="0.32em"
        fill="currentColor"
        x="-9"
      >
        9.5
      </text>
    </g>
    <g
      class="tick"
      opacity="1"
      transform="translate(0,50.5)"
    >
      <line
        stroke="currentColor"
        x2="-6"
      />
      <text
        dy="0.32em"
        fill="currentColor"
        x="-9"
      >
        10.0
      </text>
    </g>
  </g>
  <g>
    <circle
      cx="50"
      cy="250"
      fill="orange"
      r="3"
    />
    <circle
      cx="450"
      cy="50"
      fill="orange"
      r="3"
    />
  </g>
</svg>
`;
